// Jest Snapshot v1, https://goo.gl/fbAQLP

exports[`Observable.onValue invokes the handler function only for values 1`] = `
Array [
  "lol",
  "bal",
]
`;
